// Jest Snapshot v1, https://goo.gl/fbAQLP

exports[`renders correctly if place has a website 1`] = `<div />`;

exports[`renders correctly if place is missing a website 1`] = `<div />`;
